AREA .  .ABS.
	RADIX HEX
	BASE 0000
	SIZE 0000
	ATTRIB ABS OVR
	GLOBALS
		l__HEAP	0000
		l__BSEG	0000
		l_.  .ABS.	0000
		l__GSFINAL	0000
		l__ISEG	0000
		s_.  .ABS.	0000
		s__HEADER	0000
		l__XSEG	0000
		.init	0000
		l__OVERLAY	0000
		l__LIT	0000
		s__SFR	0000
		l__GSINITTAIL	0001
		l__BSS	0087
		l__HEADER	01EB
		s__CODE	0200
		l__HOME	04AF
		l__DATA	091D
		l__CODE	0CD0
		s__HOME	0ED0
		l__BASE	10C0
		s__BASE	137F
		s__LIT	243F
		s__GSINIT	243F
		l__GSINIT	360F
		s__GSINITTAIL	5A4E
		s__GSFINAL	5A4F
		.OAM	C000
		s__DATA	C0A0
		s__BSS	C9BD
		s__HEAP	CA44
		s__BSEG	CA44
		s__ISEG	CA44
		s__XSEG	CA44
		s__OVERLAY	CA44
		.STACK	E000
		.refresh_OAM	FF80
		l__SFR	10000
AREA _CODE
	RADIX HEX
	BASE 0200
	SIZE 0CD0
	ATTRIB REL CON
	GLOBALS
		_performantdelay	0200
		_movegamecharacter	0214
		_movegamecharacterboneca	029E
		_setupatras	0371
		_setupfrente	03C2
		_setupdireita	0403
		_setupbonecafixa	0444
		_setups	0496
		_main	04A3
		_putchar	075F
		_setchar	0768
		_gotoxy	0771
		_posx	077C
		_posy	078D
		.adv_gcurs	079E
		.circle	07BB
		.horlin	085E
		.verlin	0896
		.circplot	08F2
		.box	0970
		.line	0A46
		.xonly	0B67
		.yonly	0CB6
		.plot	0CD7
		.wrbyte	0CF4
		.getpix	0D76
		.wrtchr	0DAB
		_gotogxy	0E0F
		_wrtchr	0E1A
		_getpix	0E2F
		_color	0E3B
		_circle	0E4A
		_box	0E64
		_line	0E88
		_plot_point	0EA0
		_plot	0EB4
AREA _HEADER
	RADIX HEX
	BASE 0000
	SIZE 01EB
	ATTRIB ABS OVR
	GLOBALS
		_exit	01D2
AREA _HOME
	RADIX HEX
	BASE 0ED0
	SIZE 04AF
	ATTRIB REL CON
	GLOBALS
		.set_mode	0ED0
		.remove_VBL	0EE0
		.remove_LCD	0EE6
		.remove_TIM	0EEC
		.remove_SIO	0EF2
		.remove_JOY	0EF8
		.add_VBL	0EFE
		.add_LCD	0F04
		.add_TIM	0F0A
		.add_SIO	0F10
		.add_JOY	0F16
		.remove_int	0F1C
		.add_int	0F3C
		.wait_vbl_done	0F58
		_wait_vbl_done	0F58
		_display_off	0F6F
		.display_off	0F6F
		.serial_IO	0F90
		_mode	0FBF
		_get_mode	0FC8
		_enable_interrupts	0FCD
		_disable_interrupts	0FCF
		_reset	0FD1
		.reset	0FD1
		_set_interrupts	0FD7
		_remove_VBL	0FE2
		_remove_LCD	0FED
		_remove_TIM	0FF8
		_remove_SIO	1003
		_remove_JOY	100E
		_add_VBL	1019
		_add_LCD	1024
		_add_TIM	102F
		_add_SIO	103A
		_add_JOY	1045
		_clock	1050
		__printTStates	1059
		banked_call	105A
		banked_ret	1073
		_printf	107C
		_sprintf	10AB
AREA _BASE
	RADIX HEX
	BASE 137F
	SIZE 10C0
	ATTRIB REL CON
	GLOBALS
		.set_sprite_prop	137F
		_set_sprite_prop	138C
		_scroll_bkg	1397
		.mv_sprite	13AD
		_move_sprite	13BC
		_set_win_data	13C9
		_set_bkg_data	13C9
		_set_sprite_data	1416
		.padup	1445
		_waitpadup	1445
		.jpad	1455
		.wait_pad	1482
		_joypad	1489
		_waitpad	148E
		.set_sprite_tile	1498
		_set_sprite_tile	14A5
		__modslong	14B0
		__divslong	14B0
		__mulslong	14B0
		__divschar	14B1
		__modschar	14BD
		__divsint	14C8
		__modsint	14D9
		__divuchar	14E8
		__moduchar	14F4
		__divuint	14FF
		__moduint	1510
		.mod8	151F
		.div8	151F
		.mod16	1527
		.div16	1527
		.modu8	155D
		.divu8	155D
		.modu16	1560
		.divu16	1560
		.copy_vram	159D
		_get_data	15AC
		_set_data	15AC
		_set_bkg_tiles	15BF
		font_copy_uncompressed	15D3
		font_copy_compressed	1609
		font_load	165E
		font_copy_current	16A6
		font_set	16EE
		.put_char	16FB
		.out_char	1714
		.del_char	171B
		_font_load	1776
		_font_set	1784
		_font_init	1793
		_cls	17B5
		.cls	17B5
		.cr_curs	17E7
		.adv_curs	17FC
		.tmode	1858
		.tmode_out	1881
		_font_load_ibm_fixed	1891
		_font_ibm_fixed	1898
		_font_ibm_fixed_tiles	199A
		.gmode	219A
		.vbl	21FC
		.lcd	2207
		.draw_image	2214
		.switch_data	221E
		_switch_data	2255
		_draw_image	2270
		.y_table	2283
		.set_xy_wtt	23A3
		.set_xy_btt	23B4
		.set_xy_tt	23C3
		_set_tiles	23F4
		.init_vram	240D
		.init_wtt	241B
		.init_btt	242B
		.init_tt	2439
AREA _LIT
	RADIX HEX
	BASE 243F
	SIZE 0000
	ATTRIB REL CON
AREA _GSINIT
	RADIX HEX
	BASE 243F
	SIZE 360F
	ATTRIB REL CON
	GLOBALS
		gsinit	243F
AREA _GSINITTAIL
	RADIX HEX
	BASE 5A4E
	SIZE 0001
	ATTRIB REL CON
AREA _GSFINAL
	RADIX HEX
	BASE 5A4F
	SIZE 0000
	ATTRIB REL CON
AREA _DATA
	RADIX HEX
	BASE C0A0
	SIZE 091D
	ATTRIB REL CON
	GLOBALS
		_characters	C0A0
		_TileLabel	C380
		_mapbackground	C5A0
		_principalfrente	C9A0
		_principalatras	C9A6
		_principaldireita	C9AC
		_bonecafixa	C9B2
		_spritesize	C9BA
		_x	C9BB
		_y	C9BC
AREA _BSS
	RADIX HEX
	BASE C9BD
	SIZE 0087
	ATTRIB REL CON
	GLOBALS
		__cpu	C9BD
		.mode	C9BE
		__io_out	C9BF
		__io_in	C9C0
		__io_status	C9C1
		.vbl_done	C9C2
		__current_bank	C9C3
		_sys_time	C9C4
		.sys_time	C9C4
		.int_0x40	C9C6
		.int_0x48	C9D6
		.int_0x50	C9E6
		.int_0x58	C9F6
		.int_0x60	CA06
		font_current	CA19
		font_first_free_tile	CA1C
		font_table	CA1D
		.curx	CA2F
		.cury	CA30
		.fg_colour	CA31
		.bg_colour	CA32
AREA _HEAP
	RADIX HEX
	BASE CA44
	SIZE 0000
	ATTRIB REL CON
	GLOBALS
		_malloc_heap_start	CA44
AREA _OVERLAY
	RADIX HEX
	BASE CA44
	SIZE 0000
	ATTRIB REL CON
AREA _ISEG
	RADIX HEX
	BASE CA44
	SIZE 0000
	ATTRIB REL CON
AREA _BSEG
	RADIX HEX
	BASE CA44
	SIZE 0000
	ATTRIB REL CON
AREA _XSEG
	RADIX HEX
	BASE CA44
	SIZE 0000
	ATTRIB REL CON
AREA _SFR
	RADIX HEX
	BASE 0000
	SIZE 10000
	ATTRIB ABS OVR
	GLOBALS
		_P1_REG	FF00
		_SB_REG	FF01
		_SC_REG	FF02
		_DIV_REG	FF04
		_TIMA_REG	FF05
		_TMA_REG	FF06
		_TAC_REG	FF07
		_IF_REG	FF0F
		_NR10_REG	FF10
		_NR11_REG	FF11
		_NR12_REG	FF12
		_NR13_REG	FF13
		_NR14_REG	FF14
		_NR21_REG	FF16
		_NR22_REG	FF17
		_NR23_REG	FF18
		_NR24_REG	FF19
		_NR30_REG	FF1A
		_NR31_REG	FF1B
		_NR32_REG	FF1C
		_NR33_REG	FF1D
		_NR34_REG	FF1E
		_NR41_REG	FF20
		_NR42_REG	FF21
		_NR43_REG	FF22
		_NR44_REG	FF23
		_NR50_REG	FF24
		_NR51_REG	FF25
		_NR52_REG	FF26
		_LCDC_REG	FF40
		_STAT_REG	FF41
		_SCY_REG	FF42
		_SCX_REG	FF43
		_LY_REG	FF44
		_LYC_REG	FF45
		_DMA_REG	FF46
		_BGP_REG	FF47
		_OBP0_REG	FF48
		_OBP1_REG	FF49
		_WY_REG	FF4A
		_WX_REG	FF4B
		_KEY1_REG	FF4D
		_VBK_REG	FF4F
		_HDMA1_REG	FF51
		_HDMA2_REG	FF52
		_HDMA3_REG	FF53
		_HDMA4_REG	FF54
		_HDMA5_REG	FF55
		_RP_REG	FF56
		_BCPS_REG	FF68
		_BCPD_REG	FF69
		_OCPS_REG	FF6A
		_OCPD_REG	FF6B
		_SVBK_REG	FF70
		_IE_REG	FFFF
MODULES
	FILE c:\gbdk\lib/small/asxxxx/gb/crt0.o
		NAME Runtime
	FILE main.o
		NAME lcc90080
LIBRARIES
	LIBRARY c:\gbdk\lib/small/asxxxx/gb/gb.lib
		MODULE sfr.o
	LIBRARY c:\gbdk\lib/small/asxxxx/gb/gb.lib
		MODULE set_prop.o
	LIBRARY c:\gbdk\lib/small/asxxxx/gb/gb.lib
		MODULE scroll_b.o
	LIBRARY c:\gbdk\lib/small/asxxxx/gb/gb.lib
		MODULE mv_spr.o
	LIBRARY c:\gbdk\lib/small/asxxxx/gb/gb.lib
		MODULE set_data.o
	LIBRARY c:\gbdk\lib/small/asxxxx/gb/gb.lib
		MODULE pad.o
	LIBRARY c:\gbdk\lib/small/asxxxx/gb/gb.lib
		MODULE set_spr.o
	LIBRARY c:\gbdk\lib/small/asxxxx/gbz80/gbz80.lib
		MODULE printf.o
	LIBRARY c:\gbdk\lib/small/asxxxx/gbz80/gbz80.lib
		MODULE div.o
	LIBRARY c:\gbdk\lib/small/asxxxx/gb/gb.lib
		MODULE cpy_data.o
	LIBRARY c:\gbdk\lib/small/asxxxx/gb/gb.lib
		MODULE set_bk_t.o
	LIBRARY c:\gbdk\lib/small/asxxxx/gb/gb.lib
		MODULE font.o
	LIBRARY c:\gbdk\lib/small/asxxxx/gb/gb.lib
		MODULE ibmfixed.o
	LIBRARY c:\gbdk\lib/small/asxxxx/gb/gb.lib
		MODULE drawing.o
	LIBRARY c:\gbdk\lib/small/asxxxx/gb/gb.lib
		MODULE set_xy_t.o
	LIBRARY c:\gbdk\lib/small/asxxxx/gb/gb.lib
		MODULE init_tt.o
USERBASEDEF
	_CODE=0x0200
	_DATA=0xC0A0
	_CODE_1=0x4000
USERGLOBALDEF
	.OAM=0xC000
	.STACK=0xE000
	.refresh_OAM=0xFF80
	.init=0x0000
