AREA .  .ABS.
	RADIX HEX
	BASE 0000
	SIZE 0000
	ATTRIB ABS OVR
	GLOBALS
		l__HEAP	0000
		l__BSEG	0000
		l_.  .ABS.	0000
		l__GSFINAL	0000
		l__ISEG	0000
		s_.  .ABS.	0000
		s__HEADER	0000
		l__XSEG	0000
		.init	0000
		l__OVERLAY	0000
		l__LIT	0000
		s__SFR	0000
		l__GSINITTAIL	0001
		l__BSS	0087
		l__HEADER	01EB
		s__CODE	0200
		l__HOME	04AF
		l__DATA	092F
		l__CODE	0DAA
		s__HOME	0FAA
		l__BASE	10C0
		s__BASE	1459
		s__LIT	2519
		s__GSINIT	2519
		l__GSINIT	360F
		s__GSINITTAIL	5B28
		s__GSFINAL	5B29
		.OAM	C000
		s__DATA	C0A0
		s__BSS	C9CF
		s__HEAP	CA56
		s__BSEG	CA56
		s__ISEG	CA56
		s__XSEG	CA56
		s__OVERLAY	CA56
		.STACK	E000
		.refresh_OAM	FF80
		l__SFR	10000
AREA _CODE
	RADIX HEX
	BASE 0200
	SIZE 0DAA
	ATTRIB REL CON
	GLOBALS
		_performantdelay	0200
		_movegamecharacter	0214
		_movegamecharacterboneca	029E
		_setupatras	0371
		_setupfrente	03C2
		_setupdireita	0403
		_setupbotfrente	0444
		_setupbotatras	0485
		_setupbotdireita	04D7
		_setupbonecafixa	0518
		_setups	056A
		_main	0580
		_putchar	0839
		_setchar	0842
		_gotoxy	084B
		_posx	0856
		_posy	0867
		.adv_gcurs	0878
		.circle	0895
		.horlin	0938
		.verlin	0970
		.circplot	09CC
		.box	0A4A
		.line	0B20
		.xonly	0C41
		.yonly	0D90
		.plot	0DB1
		.wrbyte	0DCE
		.getpix	0E50
		.wrtchr	0E85
		_gotogxy	0EE9
		_wrtchr	0EF4
		_getpix	0F09
		_color	0F15
		_circle	0F24
		_box	0F3E
		_line	0F62
		_plot_point	0F7A
		_plot	0F8E
AREA _HEADER
	RADIX HEX
	BASE 0000
	SIZE 01EB
	ATTRIB ABS OVR
	GLOBALS
		_exit	01D2
AREA _HOME
	RADIX HEX
	BASE 0FAA
	SIZE 04AF
	ATTRIB REL CON
	GLOBALS
		.set_mode	0FAA
		.remove_VBL	0FBA
		.remove_LCD	0FC0
		.remove_TIM	0FC6
		.remove_SIO	0FCC
		.remove_JOY	0FD2
		.add_VBL	0FD8
		.add_LCD	0FDE
		.add_TIM	0FE4
		.add_SIO	0FEA
		.add_JOY	0FF0
		.remove_int	0FF6
		.add_int	1016
		.wait_vbl_done	1032
		_wait_vbl_done	1032
		_display_off	1049
		.display_off	1049
		.serial_IO	106A
		_mode	1099
		_get_mode	10A2
		_enable_interrupts	10A7
		_disable_interrupts	10A9
		_reset	10AB
		.reset	10AB
		_set_interrupts	10B1
		_remove_VBL	10BC
		_remove_LCD	10C7
		_remove_TIM	10D2
		_remove_SIO	10DD
		_remove_JOY	10E8
		_add_VBL	10F3
		_add_LCD	10FE
		_add_TIM	1109
		_add_SIO	1114
		_add_JOY	111F
		_clock	112A
		__printTStates	1133
		banked_call	1134
		banked_ret	114D
		_printf	1156
		_sprintf	1185
AREA _BASE
	RADIX HEX
	BASE 1459
	SIZE 10C0
	ATTRIB REL CON
	GLOBALS
		.set_sprite_prop	1459
		_set_sprite_prop	1466
		_scroll_bkg	1471
		.mv_sprite	1487
		_move_sprite	1496
		_set_win_data	14A3
		_set_bkg_data	14A3
		_set_sprite_data	14F0
		.padup	151F
		_waitpadup	151F
		.jpad	152F
		.wait_pad	155C
		_joypad	1563
		_waitpad	1568
		.set_sprite_tile	1572
		_set_sprite_tile	157F
		__modslong	158A
		__divslong	158A
		__mulslong	158A
		__divschar	158B
		__modschar	1597
		__divsint	15A2
		__modsint	15B3
		__divuchar	15C2
		__moduchar	15CE
		__divuint	15D9
		__moduint	15EA
		.mod8	15F9
		.div8	15F9
		.mod16	1601
		.div16	1601
		.modu8	1637
		.divu8	1637
		.modu16	163A
		.divu16	163A
		.copy_vram	1677
		_get_data	1686
		_set_data	1686
		_set_bkg_tiles	1699
		font_copy_uncompressed	16AD
		font_copy_compressed	16E3
		font_load	1738
		font_copy_current	1780
		font_set	17C8
		.put_char	17D5
		.out_char	17EE
		.del_char	17F5
		_font_load	1850
		_font_set	185E
		_font_init	186D
		_cls	188F
		.cls	188F
		.cr_curs	18C1
		.adv_curs	18D6
		.tmode	1932
		.tmode_out	195B
		_font_load_ibm_fixed	196B
		_font_ibm_fixed	1972
		_font_ibm_fixed_tiles	1A74
		.gmode	2274
		.vbl	22D6
		.lcd	22E1
		.draw_image	22EE
		.switch_data	22F8
		_switch_data	232F
		_draw_image	234A
		.y_table	235D
		.set_xy_wtt	247D
		.set_xy_btt	248E
		.set_xy_tt	249D
		_set_tiles	24CE
		.init_vram	24E7
		.init_wtt	24F5
		.init_btt	2505
		.init_tt	2513
AREA _LIT
	RADIX HEX
	BASE 2519
	SIZE 0000
	ATTRIB REL CON
AREA _GSINIT
	RADIX HEX
	BASE 2519
	SIZE 360F
	ATTRIB REL CON
	GLOBALS
		gsinit	2519
AREA _GSINITTAIL
	RADIX HEX
	BASE 5B28
	SIZE 0001
	ATTRIB REL CON
AREA _GSFINAL
	RADIX HEX
	BASE 5B29
	SIZE 0000
	ATTRIB REL CON
AREA _DATA
	RADIX HEX
	BASE C0A0
	SIZE 092F
	ATTRIB REL CON
	GLOBALS
		_characters	C0A0
		_TileLabel	C380
		_mapbackground	C5A0
		_principalfrente	C9A0
		_principalatras	C9A6
		_principaldireita	C9AC
		_bonecafixa	C9B2
		_botfrente	C9BA
		_botatras	C9C0
		_botdireita	C9C6
		_spritesize	C9CC
		_x	C9CD
		_y	C9CE
AREA _BSS
	RADIX HEX
	BASE C9CF
	SIZE 0087
	ATTRIB REL CON
	GLOBALS
		__cpu	C9CF
		.mode	C9D0
		__io_out	C9D1
		__io_in	C9D2
		__io_status	C9D3
		.vbl_done	C9D4
		__current_bank	C9D5
		_sys_time	C9D6
		.sys_time	C9D6
		.int_0x40	C9D8
		.int_0x48	C9E8
		.int_0x50	C9F8
		.int_0x58	CA08
		.int_0x60	CA18
		font_current	CA2B
		font_first_free_tile	CA2E
		font_table	CA2F
		.curx	CA41
		.cury	CA42
		.fg_colour	CA43
		.bg_colour	CA44
AREA _HEAP
	RADIX HEX
	BASE CA56
	SIZE 0000
	ATTRIB REL CON
	GLOBALS
		_malloc_heap_start	CA56
AREA _OVERLAY
	RADIX HEX
	BASE CA56
	SIZE 0000
	ATTRIB REL CON
AREA _ISEG
	RADIX HEX
	BASE CA56
	SIZE 0000
	ATTRIB REL CON
AREA _BSEG
	RADIX HEX
	BASE CA56
	SIZE 0000
	ATTRIB REL CON
AREA _XSEG
	RADIX HEX
	BASE CA56
	SIZE 0000
	ATTRIB REL CON
AREA _SFR
	RADIX HEX
	BASE 0000
	SIZE 10000
	ATTRIB ABS OVR
	GLOBALS
		_P1_REG	FF00
		_SB_REG	FF01
		_SC_REG	FF02
		_DIV_REG	FF04
		_TIMA_REG	FF05
		_TMA_REG	FF06
		_TAC_REG	FF07
		_IF_REG	FF0F
		_NR10_REG	FF10
		_NR11_REG	FF11
		_NR12_REG	FF12
		_NR13_REG	FF13
		_NR14_REG	FF14
		_NR21_REG	FF16
		_NR22_REG	FF17
		_NR23_REG	FF18
		_NR24_REG	FF19
		_NR30_REG	FF1A
		_NR31_REG	FF1B
		_NR32_REG	FF1C
		_NR33_REG	FF1D
		_NR34_REG	FF1E
		_NR41_REG	FF20
		_NR42_REG	FF21
		_NR43_REG	FF22
		_NR44_REG	FF23
		_NR50_REG	FF24
		_NR51_REG	FF25
		_NR52_REG	FF26
		_LCDC_REG	FF40
		_STAT_REG	FF41
		_SCY_REG	FF42
		_SCX_REG	FF43
		_LY_REG	FF44
		_LYC_REG	FF45
		_DMA_REG	FF46
		_BGP_REG	FF47
		_OBP0_REG	FF48
		_OBP1_REG	FF49
		_WY_REG	FF4A
		_WX_REG	FF4B
		_KEY1_REG	FF4D
		_VBK_REG	FF4F
		_HDMA1_REG	FF51
		_HDMA2_REG	FF52
		_HDMA3_REG	FF53
		_HDMA4_REG	FF54
		_HDMA5_REG	FF55
		_RP_REG	FF56
		_BCPS_REG	FF68
		_BCPD_REG	FF69
		_OCPS_REG	FF6A
		_OCPD_REG	FF6B
		_SVBK_REG	FF70
		_IE_REG	FFFF
MODULES
	FILE c:\gbdk\lib/small/asxxxx/gb/crt0.o
		NAME Runtime
	FILE main.o
		NAME lcc57040
LIBRARIES
	LIBRARY c:\gbdk\lib/small/asxxxx/gb/gb.lib
		MODULE sfr.o
	LIBRARY c:\gbdk\lib/small/asxxxx/gb/gb.lib
		MODULE set_prop.o
	LIBRARY c:\gbdk\lib/small/asxxxx/gb/gb.lib
		MODULE scroll_b.o
	LIBRARY c:\gbdk\lib/small/asxxxx/gb/gb.lib
		MODULE mv_spr.o
	LIBRARY c:\gbdk\lib/small/asxxxx/gb/gb.lib
		MODULE set_data.o
	LIBRARY c:\gbdk\lib/small/asxxxx/gb/gb.lib
		MODULE pad.o
	LIBRARY c:\gbdk\lib/small/asxxxx/gb/gb.lib
		MODULE set_spr.o
	LIBRARY c:\gbdk\lib/small/asxxxx/gbz80/gbz80.lib
		MODULE printf.o
	LIBRARY c:\gbdk\lib/small/asxxxx/gbz80/gbz80.lib
		MODULE div.o
	LIBRARY c:\gbdk\lib/small/asxxxx/gb/gb.lib
		MODULE cpy_data.o
	LIBRARY c:\gbdk\lib/small/asxxxx/gb/gb.lib
		MODULE set_bk_t.o
	LIBRARY c:\gbdk\lib/small/asxxxx/gb/gb.lib
		MODULE font.o
	LIBRARY c:\gbdk\lib/small/asxxxx/gb/gb.lib
		MODULE ibmfixed.o
	LIBRARY c:\gbdk\lib/small/asxxxx/gb/gb.lib
		MODULE drawing.o
	LIBRARY c:\gbdk\lib/small/asxxxx/gb/gb.lib
		MODULE set_xy_t.o
	LIBRARY c:\gbdk\lib/small/asxxxx/gb/gb.lib
		MODULE init_tt.o
USERBASEDEF
	_CODE=0x0200
	_DATA=0xC0A0
	_CODE_1=0x4000
USERGLOBALDEF
	.OAM=0xC000
	.STACK=0xE000
	.refresh_OAM=0xFF80
	.init=0x0000
