AREA .  .ABS.
	RADIX HEX
	BASE 0000
	SIZE 0000
	ATTRIB ABS OVR
	GLOBALS
		l__HEAP	0000
		l__BSEG	0000
		l_.  .ABS.	0000
		l__GSFINAL	0000
		l__ISEG	0000
		s_.  .ABS.	0000
		s__HEADER	0000
		l__XSEG	0000
		.init	0000
		l__OVERLAY	0000
		l__LIT	0000
		s__SFR	0000
		l__GSINITTAIL	0001
		l__BSS	0087
		l__HEADER	01EB
		s__CODE	0200
		l__HOME	04AF
		l__DATA	09FD
		l__BASE	10F6
		l__CODE	1C03
		s__HOME	1E03
		s__BASE	22B2
		s__LIT	33A8
		s__GSINIT	33A8
		l__GSINIT	3A46
		s__GSINITTAIL	6DEE
		s__GSFINAL	6DEF
		.OAM	C000
		s__DATA	C0A0
		s__BSS	CA9D
		s__HEAP	CB24
		s__BSEG	CB24
		s__ISEG	CB24
		s__XSEG	CB24
		s__OVERLAY	CB24
		.STACK	E000
		.refresh_OAM	FF80
		l__SFR	10000
AREA _CODE
	RADIX HEX
	BASE 0200
	SIZE 1C03
	ATTRIB REL CON
	GLOBALS
		_somVitoria	0200
		_sqgame3_data	0215
		_sqgame3_map	0905
		_somDerrota	0A6D
		_somAndar	0A82
		_somTiro	0A97
		_somVira	0AAC
		_somViraVolta	0AC1
		_somSelect	0AD6
		_performantdelay	0AEB
		_fadeout	0AFF
		_fadein	0B54
		_movegamecharacter	0B9F
		_movetimer	0C29
		_setupatras	0D76
		_setupfrente	0DC7
		_setupdireita	0E08
		_setupbonecafixa	0E49
		_setupbonecafixaback	0E8A
		_setuptimer	0EDC
		_setups	0FEE
		_lose	1001
		_victory	1053
		_main	10AE
		_putchar	1692
		_setchar	169B
		_gotoxy	16A4
		_posx	16AF
		_posy	16C0
		.adv_gcurs	16D1
		.circle	16EE
		.horlin	1791
		.verlin	17C9
		.circplot	1825
		.box	18A3
		.line	1979
		.xonly	1A9A
		.yonly	1BE9
		.plot	1C0A
		.wrbyte	1C27
		.getpix	1CA9
		.wrtchr	1CDE
		_gotogxy	1D42
		_wrtchr	1D4D
		_getpix	1D62
		_color	1D6E
		_circle	1D7D
		_box	1D97
		_line	1DBB
		_plot_point	1DD3
		_plot	1DE7
AREA _HEADER
	RADIX HEX
	BASE 0000
	SIZE 01EB
	ATTRIB ABS OVR
	GLOBALS
		_exit	01D2
AREA _HOME
	RADIX HEX
	BASE 1E03
	SIZE 04AF
	ATTRIB REL CON
	GLOBALS
		.set_mode	1E03
		.remove_VBL	1E13
		.remove_LCD	1E19
		.remove_TIM	1E1F
		.remove_SIO	1E25
		.remove_JOY	1E2B
		.add_VBL	1E31
		.add_LCD	1E37
		.add_TIM	1E3D
		.add_SIO	1E43
		.add_JOY	1E49
		.remove_int	1E4F
		.add_int	1E6F
		.wait_vbl_done	1E8B
		_wait_vbl_done	1E8B
		_display_off	1EA2
		.display_off	1EA2
		.serial_IO	1EC3
		_mode	1EF2
		_get_mode	1EFB
		_enable_interrupts	1F00
		_disable_interrupts	1F02
		_reset	1F04
		.reset	1F04
		_set_interrupts	1F0A
		_remove_VBL	1F15
		_remove_LCD	1F20
		_remove_TIM	1F2B
		_remove_SIO	1F36
		_remove_JOY	1F41
		_add_VBL	1F4C
		_add_LCD	1F57
		_add_TIM	1F62
		_add_SIO	1F6D
		_add_JOY	1F78
		_clock	1F83
		__printTStates	1F8C
		banked_call	1F8D
		banked_ret	1FA6
		_printf	1FAF
		_sprintf	1FDE
AREA _BASE
	RADIX HEX
	BASE 22B2
	SIZE 10F6
	ATTRIB REL CON
	GLOBALS
		.set_sprite_prop	22B2
		_set_sprite_prop	22BF
		_scroll_bkg	22CA
		.padup	22E0
		_waitpadup	22E0
		.jpad	22F0
		.wait_pad	231D
		_joypad	2324
		_waitpad	2329
		.mv_sprite	2333
		_move_sprite	2342
		_set_win_data	234F
		_set_bkg_data	234F
		_set_sprite_data	239C
		__mulschar	23CB
		__muluchar	23CB
		__mulsint	23D7
		__muluint	23D7
		.mulu16	23EB
		.mul16	23EB
		.set_sprite_tile	2401
		_set_sprite_tile	240E
		__modslong	2419
		__divslong	2419
		__mulslong	2419
		__divschar	241A
		__modschar	2426
		__divsint	2431
		__modsint	2442
		__divuchar	2451
		__moduchar	245D
		__divuint	2468
		__moduint	2479
		.mod8	2488
		.div8	2488
		.mod16	2490
		.div16	2490
		.modu8	24C6
		.divu8	24C6
		.modu16	24C9
		.divu16	24C9
		.copy_vram	2506
		_get_data	2515
		_set_data	2515
		_set_bkg_tiles	2528
		font_copy_uncompressed	253C
		font_copy_compressed	2572
		font_load	25C7
		font_copy_current	260F
		font_set	2657
		.put_char	2664
		.out_char	267D
		.del_char	2684
		_font_load	26DF
		_font_set	26ED
		_font_init	26FC
		_cls	271E
		.cls	271E
		.cr_curs	2750
		.adv_curs	2765
		.tmode	27C1
		.tmode_out	27EA
		_font_load_ibm_fixed	27FA
		_font_ibm_fixed	2801
		_font_ibm_fixed_tiles	2903
		.gmode	3103
		.vbl	3165
		.lcd	3170
		.draw_image	317D
		.switch_data	3187
		_switch_data	31BE
		_draw_image	31D9
		.y_table	31EC
		.set_xy_wtt	330C
		.set_xy_btt	331D
		.set_xy_tt	332C
		_set_tiles	335D
		.init_vram	3376
		.init_wtt	3384
		.init_btt	3394
		.init_tt	33A2
AREA _LIT
	RADIX HEX
	BASE 33A8
	SIZE 0000
	ATTRIB REL CON
AREA _GSINIT
	RADIX HEX
	BASE 33A8
	SIZE 3A46
	ATTRIB REL CON
	GLOBALS
		gsinit	33A8
AREA _GSINITTAIL
	RADIX HEX
	BASE 6DEE
	SIZE 0001
	ATTRIB REL CON
AREA _GSFINAL
	RADIX HEX
	BASE 6DEF
	SIZE 0000
	ATTRIB REL CON
AREA _DATA
	RADIX HEX
	BASE C0A0
	SIZE 09FD
	ATTRIB REL CON
	GLOBALS
		_characters	C0A0
		_TileLabel	C310
		_mapbackground	C530
		_score	C930
		_f	CA50
		_principalfrente	CA51
		_principalatras	CA57
		_principaldireita	CA5D
		_bonecafixa	CA63
		_bonecafixaback	CA69
		_botfrente	CA6F
		_botatras	CA75
		_botdireita	CA7B
		_timer	CA81
		_spritesize	CA95
		_x	CA96
		_y	CA97
		_mapx	CA98
		_mapy	CA99
		_count	CA9A
		_time	CA9B
AREA _BSS
	RADIX HEX
	BASE CA9D
	SIZE 0087
	ATTRIB REL CON
	GLOBALS
		__cpu	CA9D
		.mode	CA9E
		__io_out	CA9F
		__io_in	CAA0
		__io_status	CAA1
		.vbl_done	CAA2
		__current_bank	CAA3
		_sys_time	CAA4
		.sys_time	CAA4
		.int_0x40	CAA6
		.int_0x48	CAB6
		.int_0x50	CAC6
		.int_0x58	CAD6
		.int_0x60	CAE6
		font_current	CAF9
		font_first_free_tile	CAFC
		font_table	CAFD
		.curx	CB0F
		.cury	CB10
		.fg_colour	CB11
		.bg_colour	CB12
AREA _HEAP
	RADIX HEX
	BASE CB24
	SIZE 0000
	ATTRIB REL CON
	GLOBALS
		_malloc_heap_start	CB24
AREA _OVERLAY
	RADIX HEX
	BASE CB24
	SIZE 0000
	ATTRIB REL CON
AREA _ISEG
	RADIX HEX
	BASE CB24
	SIZE 0000
	ATTRIB REL CON
AREA _BSEG
	RADIX HEX
	BASE CB24
	SIZE 0000
	ATTRIB REL CON
AREA _XSEG
	RADIX HEX
	BASE CB24
	SIZE 0000
	ATTRIB REL CON
AREA _SFR
	RADIX HEX
	BASE 0000
	SIZE 10000
	ATTRIB ABS OVR
	GLOBALS
		_P1_REG	FF00
		_SB_REG	FF01
		_SC_REG	FF02
		_DIV_REG	FF04
		_TIMA_REG	FF05
		_TMA_REG	FF06
		_TAC_REG	FF07
		_IF_REG	FF0F
		_NR10_REG	FF10
		_NR11_REG	FF11
		_NR12_REG	FF12
		_NR13_REG	FF13
		_NR14_REG	FF14
		_NR21_REG	FF16
		_NR22_REG	FF17
		_NR23_REG	FF18
		_NR24_REG	FF19
		_NR30_REG	FF1A
		_NR31_REG	FF1B
		_NR32_REG	FF1C
		_NR33_REG	FF1D
		_NR34_REG	FF1E
		_NR41_REG	FF20
		_NR42_REG	FF21
		_NR43_REG	FF22
		_NR44_REG	FF23
		_NR50_REG	FF24
		_NR51_REG	FF25
		_NR52_REG	FF26
		_LCDC_REG	FF40
		_STAT_REG	FF41
		_SCY_REG	FF42
		_SCX_REG	FF43
		_LY_REG	FF44
		_LYC_REG	FF45
		_DMA_REG	FF46
		_BGP_REG	FF47
		_OBP0_REG	FF48
		_OBP1_REG	FF49
		_WY_REG	FF4A
		_WX_REG	FF4B
		_KEY1_REG	FF4D
		_VBK_REG	FF4F
		_HDMA1_REG	FF51
		_HDMA2_REG	FF52
		_HDMA3_REG	FF53
		_HDMA4_REG	FF54
		_HDMA5_REG	FF55
		_RP_REG	FF56
		_BCPS_REG	FF68
		_BCPD_REG	FF69
		_OCPS_REG	FF6A
		_OCPD_REG	FF6B
		_SVBK_REG	FF70
		_IE_REG	FFFF
MODULES
	FILE c:\gbdk\lib/small/asxxxx/gb/crt0.o
		NAME Runtime
	FILE main.o
		NAME lcc106640
LIBRARIES
	LIBRARY c:\gbdk\lib/small/asxxxx/gb/gb.lib
		MODULE sfr.o
	LIBRARY c:\gbdk\lib/small/asxxxx/gb/gb.lib
		MODULE set_prop.o
	LIBRARY c:\gbdk\lib/small/asxxxx/gb/gb.lib
		MODULE scroll_b.o
	LIBRARY c:\gbdk\lib/small/asxxxx/gb/gb.lib
		MODULE pad.o
	LIBRARY c:\gbdk\lib/small/asxxxx/gb/gb.lib
		MODULE mv_spr.o
	LIBRARY c:\gbdk\lib/small/asxxxx/gb/gb.lib
		MODULE set_data.o
	LIBRARY c:\gbdk\lib/small/asxxxx/gbz80/gbz80.lib
		MODULE mul.o
	LIBRARY c:\gbdk\lib/small/asxxxx/gb/gb.lib
		MODULE set_spr.o
	LIBRARY c:\gbdk\lib/small/asxxxx/gbz80/gbz80.lib
		MODULE printf.o
	LIBRARY c:\gbdk\lib/small/asxxxx/gbz80/gbz80.lib
		MODULE div.o
	LIBRARY c:\gbdk\lib/small/asxxxx/gb/gb.lib
		MODULE cpy_data.o
	LIBRARY c:\gbdk\lib/small/asxxxx/gb/gb.lib
		MODULE set_bk_t.o
	LIBRARY c:\gbdk\lib/small/asxxxx/gb/gb.lib
		MODULE font.o
	LIBRARY c:\gbdk\lib/small/asxxxx/gb/gb.lib
		MODULE ibmfixed.o
	LIBRARY c:\gbdk\lib/small/asxxxx/gb/gb.lib
		MODULE drawing.o
	LIBRARY c:\gbdk\lib/small/asxxxx/gb/gb.lib
		MODULE set_xy_t.o
	LIBRARY c:\gbdk\lib/small/asxxxx/gb/gb.lib
		MODULE init_tt.o
USERBASEDEF
	_CODE=0x0200
	_DATA=0xC0A0
	_CODE_1=0x4000
USERGLOBALDEF
	.OAM=0xC000
	.STACK=0xE000
	.refresh_OAM=0xFF80
	.init=0x0000
