AREA .  .ABS.
	RADIX HEX
	BASE 0000
	SIZE 0000
	ATTRIB ABS OVR
	GLOBALS
		l__HEAP	0000
		l__BSEG	0000
		l_.  .ABS.	0000
		l__GSFINAL	0000
		l__ISEG	0000
		s_.  .ABS.	0000
		s__HEADER	0000
		l__XSEG	0000
		.init	0000
		l__OVERLAY	0000
		l__LIT	0000
		s__SFR	0000
		l__GSINITTAIL	0001
		l__BSS	0087
		l__HEADER	01EB
		s__CODE	0200
		l__HOME	04AF
		l__DATA	09FD
		l__BASE	10F6
		l__CODE	1BA0
		s__HOME	1DA0
		s__BASE	224F
		s__LIT	3345
		s__GSINIT	3345
		l__GSINIT	3A46
		s__GSINITTAIL	6D8B
		s__GSFINAL	6D8C
		.OAM	C000
		s__DATA	C0A0
		s__BSS	CA9D
		s__HEAP	CB24
		s__BSEG	CB24
		s__ISEG	CB24
		s__XSEG	CB24
		s__OVERLAY	CB24
		.STACK	E000
		.refresh_OAM	FF80
		l__SFR	10000
AREA _CODE
	RADIX HEX
	BASE 0200
	SIZE 1BA0
	ATTRIB REL CON
	GLOBALS
		_somVitoria	0200
		_sqgame3_data	0215
		_sqgame3_map	0905
		_somDerrota	0A6D
		_somAndar	0A82
		_somTiro	0A97
		_somVira	0AAC
		_somViraVolta	0AC1
		_somSelect	0AD6
		_performantdelay	0AEB
		_fadeout	0AFF
		_fadein	0B54
		_movegamecharacter	0B9F
		_movetimer	0C29
		_setupatras	0D76
		_setupfrente	0DC7
		_setupdireita	0E08
		_setupbonecafixa	0E49
		_setupbonecafixaback	0E8A
		_setuptimer	0EDC
		_setups	0FEE
		_lose	1001
		_victory	1053
		_main	10AE
		_putchar	162F
		_setchar	1638
		_gotoxy	1641
		_posx	164C
		_posy	165D
		.adv_gcurs	166E
		.circle	168B
		.horlin	172E
		.verlin	1766
		.circplot	17C2
		.box	1840
		.line	1916
		.xonly	1A37
		.yonly	1B86
		.plot	1BA7
		.wrbyte	1BC4
		.getpix	1C46
		.wrtchr	1C7B
		_gotogxy	1CDF
		_wrtchr	1CEA
		_getpix	1CFF
		_color	1D0B
		_circle	1D1A
		_box	1D34
		_line	1D58
		_plot_point	1D70
		_plot	1D84
AREA _HEADER
	RADIX HEX
	BASE 0000
	SIZE 01EB
	ATTRIB ABS OVR
	GLOBALS
		_exit	01D2
AREA _HOME
	RADIX HEX
	BASE 1DA0
	SIZE 04AF
	ATTRIB REL CON
	GLOBALS
		.set_mode	1DA0
		.remove_VBL	1DB0
		.remove_LCD	1DB6
		.remove_TIM	1DBC
		.remove_SIO	1DC2
		.remove_JOY	1DC8
		.add_VBL	1DCE
		.add_LCD	1DD4
		.add_TIM	1DDA
		.add_SIO	1DE0
		.add_JOY	1DE6
		.remove_int	1DEC
		.add_int	1E0C
		.wait_vbl_done	1E28
		_wait_vbl_done	1E28
		_display_off	1E3F
		.display_off	1E3F
		.serial_IO	1E60
		_mode	1E8F
		_get_mode	1E98
		_enable_interrupts	1E9D
		_disable_interrupts	1E9F
		_reset	1EA1
		.reset	1EA1
		_set_interrupts	1EA7
		_remove_VBL	1EB2
		_remove_LCD	1EBD
		_remove_TIM	1EC8
		_remove_SIO	1ED3
		_remove_JOY	1EDE
		_add_VBL	1EE9
		_add_LCD	1EF4
		_add_TIM	1EFF
		_add_SIO	1F0A
		_add_JOY	1F15
		_clock	1F20
		__printTStates	1F29
		banked_call	1F2A
		banked_ret	1F43
		_printf	1F4C
		_sprintf	1F7B
AREA _BASE
	RADIX HEX
	BASE 224F
	SIZE 10F6
	ATTRIB REL CON
	GLOBALS
		.set_sprite_prop	224F
		_set_sprite_prop	225C
		_scroll_bkg	2267
		.padup	227D
		_waitpadup	227D
		.jpad	228D
		.wait_pad	22BA
		_joypad	22C1
		_waitpad	22C6
		.mv_sprite	22D0
		_move_sprite	22DF
		_set_win_data	22EC
		_set_bkg_data	22EC
		_set_sprite_data	2339
		__mulschar	2368
		__muluchar	2368
		__mulsint	2374
		__muluint	2374
		.mulu16	2388
		.mul16	2388
		.set_sprite_tile	239E
		_set_sprite_tile	23AB
		__modslong	23B6
		__divslong	23B6
		__mulslong	23B6
		__divschar	23B7
		__modschar	23C3
		__divsint	23CE
		__modsint	23DF
		__divuchar	23EE
		__moduchar	23FA
		__divuint	2405
		__moduint	2416
		.mod8	2425
		.div8	2425
		.mod16	242D
		.div16	242D
		.modu8	2463
		.divu8	2463
		.modu16	2466
		.divu16	2466
		.copy_vram	24A3
		_get_data	24B2
		_set_data	24B2
		_set_bkg_tiles	24C5
		font_copy_uncompressed	24D9
		font_copy_compressed	250F
		font_load	2564
		font_copy_current	25AC
		font_set	25F4
		.put_char	2601
		.out_char	261A
		.del_char	2621
		_font_load	267C
		_font_set	268A
		_font_init	2699
		_cls	26BB
		.cls	26BB
		.cr_curs	26ED
		.adv_curs	2702
		.tmode	275E
		.tmode_out	2787
		_font_load_ibm_fixed	2797
		_font_ibm_fixed	279E
		_font_ibm_fixed_tiles	28A0
		.gmode	30A0
		.vbl	3102
		.lcd	310D
		.draw_image	311A
		.switch_data	3124
		_switch_data	315B
		_draw_image	3176
		.y_table	3189
		.set_xy_wtt	32A9
		.set_xy_btt	32BA
		.set_xy_tt	32C9
		_set_tiles	32FA
		.init_vram	3313
		.init_wtt	3321
		.init_btt	3331
		.init_tt	333F
AREA _LIT
	RADIX HEX
	BASE 3345
	SIZE 0000
	ATTRIB REL CON
AREA _GSINIT
	RADIX HEX
	BASE 3345
	SIZE 3A46
	ATTRIB REL CON
	GLOBALS
		gsinit	3345
AREA _GSINITTAIL
	RADIX HEX
	BASE 6D8B
	SIZE 0001
	ATTRIB REL CON
AREA _GSFINAL
	RADIX HEX
	BASE 6D8C
	SIZE 0000
	ATTRIB REL CON
AREA _DATA
	RADIX HEX
	BASE C0A0
	SIZE 09FD
	ATTRIB REL CON
	GLOBALS
		_characters	C0A0
		_TileLabel	C310
		_mapbackground	C530
		_score	C930
		_f	CA50
		_principalfrente	CA51
		_principalatras	CA57
		_principaldireita	CA5D
		_bonecafixa	CA63
		_bonecafixaback	CA69
		_botfrente	CA6F
		_botatras	CA75
		_botdireita	CA7B
		_timer	CA81
		_spritesize	CA95
		_x	CA96
		_y	CA97
		_mapx	CA98
		_mapy	CA99
		_count	CA9A
		_time	CA9B
AREA _BSS
	RADIX HEX
	BASE CA9D
	SIZE 0087
	ATTRIB REL CON
	GLOBALS
		__cpu	CA9D
		.mode	CA9E
		__io_out	CA9F
		__io_in	CAA0
		__io_status	CAA1
		.vbl_done	CAA2
		__current_bank	CAA3
		_sys_time	CAA4
		.sys_time	CAA4
		.int_0x40	CAA6
		.int_0x48	CAB6
		.int_0x50	CAC6
		.int_0x58	CAD6
		.int_0x60	CAE6
		font_current	CAF9
		font_first_free_tile	CAFC
		font_table	CAFD
		.curx	CB0F
		.cury	CB10
		.fg_colour	CB11
		.bg_colour	CB12
AREA _HEAP
	RADIX HEX
	BASE CB24
	SIZE 0000
	ATTRIB REL CON
	GLOBALS
		_malloc_heap_start	CB24
AREA _OVERLAY
	RADIX HEX
	BASE CB24
	SIZE 0000
	ATTRIB REL CON
AREA _ISEG
	RADIX HEX
	BASE CB24
	SIZE 0000
	ATTRIB REL CON
AREA _BSEG
	RADIX HEX
	BASE CB24
	SIZE 0000
	ATTRIB REL CON
AREA _XSEG
	RADIX HEX
	BASE CB24
	SIZE 0000
	ATTRIB REL CON
AREA _SFR
	RADIX HEX
	BASE 0000
	SIZE 10000
	ATTRIB ABS OVR
	GLOBALS
		_P1_REG	FF00
		_SB_REG	FF01
		_SC_REG	FF02
		_DIV_REG	FF04
		_TIMA_REG	FF05
		_TMA_REG	FF06
		_TAC_REG	FF07
		_IF_REG	FF0F
		_NR10_REG	FF10
		_NR11_REG	FF11
		_NR12_REG	FF12
		_NR13_REG	FF13
		_NR14_REG	FF14
		_NR21_REG	FF16
		_NR22_REG	FF17
		_NR23_REG	FF18
		_NR24_REG	FF19
		_NR30_REG	FF1A
		_NR31_REG	FF1B
		_NR32_REG	FF1C
		_NR33_REG	FF1D
		_NR34_REG	FF1E
		_NR41_REG	FF20
		_NR42_REG	FF21
		_NR43_REG	FF22
		_NR44_REG	FF23
		_NR50_REG	FF24
		_NR51_REG	FF25
		_NR52_REG	FF26
		_LCDC_REG	FF40
		_STAT_REG	FF41
		_SCY_REG	FF42
		_SCX_REG	FF43
		_LY_REG	FF44
		_LYC_REG	FF45
		_DMA_REG	FF46
		_BGP_REG	FF47
		_OBP0_REG	FF48
		_OBP1_REG	FF49
		_WY_REG	FF4A
		_WX_REG	FF4B
		_KEY1_REG	FF4D
		_VBK_REG	FF4F
		_HDMA1_REG	FF51
		_HDMA2_REG	FF52
		_HDMA3_REG	FF53
		_HDMA4_REG	FF54
		_HDMA5_REG	FF55
		_RP_REG	FF56
		_BCPS_REG	FF68
		_BCPD_REG	FF69
		_OCPS_REG	FF6A
		_OCPD_REG	FF6B
		_SVBK_REG	FF70
		_IE_REG	FFFF
MODULES
	FILE c:\gbdk\lib/small/asxxxx/gb/crt0.o
		NAME Runtime
	FILE main.o
		NAME lcc74760
LIBRARIES
	LIBRARY c:\gbdk\lib/small/asxxxx/gb/gb.lib
		MODULE sfr.o
	LIBRARY c:\gbdk\lib/small/asxxxx/gb/gb.lib
		MODULE set_prop.o
	LIBRARY c:\gbdk\lib/small/asxxxx/gb/gb.lib
		MODULE scroll_b.o
	LIBRARY c:\gbdk\lib/small/asxxxx/gb/gb.lib
		MODULE pad.o
	LIBRARY c:\gbdk\lib/small/asxxxx/gb/gb.lib
		MODULE mv_spr.o
	LIBRARY c:\gbdk\lib/small/asxxxx/gb/gb.lib
		MODULE set_data.o
	LIBRARY c:\gbdk\lib/small/asxxxx/gbz80/gbz80.lib
		MODULE mul.o
	LIBRARY c:\gbdk\lib/small/asxxxx/gb/gb.lib
		MODULE set_spr.o
	LIBRARY c:\gbdk\lib/small/asxxxx/gbz80/gbz80.lib
		MODULE printf.o
	LIBRARY c:\gbdk\lib/small/asxxxx/gbz80/gbz80.lib
		MODULE div.o
	LIBRARY c:\gbdk\lib/small/asxxxx/gb/gb.lib
		MODULE cpy_data.o
	LIBRARY c:\gbdk\lib/small/asxxxx/gb/gb.lib
		MODULE set_bk_t.o
	LIBRARY c:\gbdk\lib/small/asxxxx/gb/gb.lib
		MODULE font.o
	LIBRARY c:\gbdk\lib/small/asxxxx/gb/gb.lib
		MODULE ibmfixed.o
	LIBRARY c:\gbdk\lib/small/asxxxx/gb/gb.lib
		MODULE drawing.o
	LIBRARY c:\gbdk\lib/small/asxxxx/gb/gb.lib
		MODULE set_xy_t.o
	LIBRARY c:\gbdk\lib/small/asxxxx/gb/gb.lib
		MODULE init_tt.o
USERBASEDEF
	_CODE=0x0200
	_DATA=0xC0A0
	_CODE_1=0x4000
USERGLOBALDEF
	.OAM=0xC000
	.STACK=0xE000
	.refresh_OAM=0xFF80
	.init=0x0000
